// Jest Snapshot v1, https://goo.gl/fbAQLP

exports[`should render an expense list item when i give an example 1`] = `
<div>
  <Connect(ExpenseListFilters) />
  <Connect(ExpenseList) />
</div>
`;
