// Jest Snapshot v1, https://goo.gl/fbAQLP

exports[`should render an expense list item when i give an example 1`] = `
<div>
  <Link
    to="/edit/1"
  >
    <h3>
      Gum
    </h3>
  </Link>
  <p />
  <p>
    30
  </p>
  <p>
    0
  </p>
</div>
`;
