// Jest Snapshot v1, https://goo.gl/fbAQLP

exports[`should render ExpenseList with empty expenses 1`] = `
<div>
  <p>
    There are no expenses to show
  </p>
</div>
`;

exports[`should render ExpenseList with expenses 1`] = `
<div>
  <ExpensesListItem
    amount={30}
    createdAt={0}
    description="Gum"
    id="1"
    key="1"
    note=""
  />
  <ExpensesListItem
    amount={20}
    createdAt={-345600000}
    description="Rent"
    id="2"
    key="2"
    note=""
  />
  <ExpensesListItem
    amount={40}
    createdAt={345600000}
    description="Credit card"
    id="3"
    key="3"
    note=""
  />
</div>
`;
